// Jest Snapshot v1, https://goo.gl/fbAQLP

exports[`Tests for <FirstApp2 /> should match with the snapshot 1`] = `
<div>
  <h1
    data-testid="test-title"
  >
    Hi, I am David
  </h1>
  <h3>
    subtitle
  </h3>
  <p>
    Juan
  </p>
  <code>
    {"title":"Hello","message":"David"}
  </code>
  <p>
    Good morning!
  </p>
  <p>
    Result: 
    7
  </p>
</div>
`;
